Archive member included because of file (symbol)

c:/devkitPro/libnds/lib\libnds9.a(initSystem.o)
                              c:/devkitpro/devkitarm/bin/../lib/gcc/arm-eabi/4.4.2/../../../../arm-eabi/lib/thumb/ds_arm9_crt0.o (initSystem)
c:/devkitPro/libnds/lib\libnds9.a(fifosystem.o)
                              c:/devkitPro/libnds/lib\libnds9.a(initSystem.o) (fifoSetValue32Handler)
c:/devkitPro/libnds/lib\libnds9.a(interrupts.o)
                              c:/devkitPro/libnds/lib\libnds9.a(fifosystem.o) (irqSet)
c:/devkitPro/libnds/lib\libnds9.a(libnds_exit.o)
                              c:/devkitpro/devkitarm/bin/../lib/gcc/arm-eabi/4.4.2/../../../../arm-eabi/lib/thumb/ds_arm9_crt0.o (__libnds_exit)
c:/devkitPro/libnds/lib\libnds9.a(mpu_setup.o)
                              c:/devkitpro/devkitarm/bin/../lib/gcc/arm-eabi/4.4.2/../../../../arm-eabi/lib/thumb/ds_arm9_crt0.o (__libnds_mpu_setup)
c:/devkitPro/libnds/lib\libnds9.a(biosCalls.o)
                              c:/devkitPro/libnds/lib\libnds9.a(fifosystem.o) (swiIntrWait)
c:/devkitPro/libnds/lib\libnds9.a(interruptDispatcher.o)
                              c:/devkitPro/libnds/lib\libnds9.a(interrupts.o) (IntrMain)
c:/devkitPro/libnds/lib\libnds9.a(system.o)
                              c:/devkitPro/libnds/lib\libnds9.a(initSystem.o) (powerValueHandler)
c:/devkitpro/devkitarm/bin/../lib/gcc/arm-eabi/4.4.2/../../../../arm-eabi/lib/thumb\libg.a(lib_a-init.o)
                              c:/devkitpro/devkitarm/bin/../lib/gcc/arm-eabi/4.4.2/../../../../arm-eabi/lib/thumb/ds_arm9_crt0.o (__libc_init_array)
c:/devkitpro/devkitarm/bin/../lib/gcc/arm-eabi/4.4.2/../../../../arm-eabi/lib/thumb\libg.a(lib_a-memcpy.o)
                              c:/devkitPro/libnds/lib\libnds9.a(fifosystem.o) (memcpy)
c:/devkitpro/devkitarm/bin/../lib/gcc/arm-eabi/4.4.2/../../../../arm-eabi/lib/thumb\libsysbase.a(times.o)
                              c:/devkitPro/libnds/lib\libnds9.a(initSystem.o) (punixTime)
c:/devkitpro/devkitarm/bin/../lib/gcc/arm-eabi/4.4.2/../../../../arm-eabi/lib/thumb\libsysbase.a(malloc_vars.o)
                              c:/devkitpro/devkitarm/bin/../lib/gcc/arm-eabi/4.4.2/../../../../arm-eabi/lib/thumb/ds_arm9_crt0.o (fake_heap_end)
c:/devkitpro/devkitarm/bin/../lib/gcc/arm-eabi/4.4.2/../../../../arm-eabi/lib/thumb\libsysbase.a(build_argv.o)
                              c:/devkitpro/devkitarm/bin/../lib/gcc/arm-eabi/4.4.2/../../../../arm-eabi/lib/thumb/ds_arm9_crt0.o (build_argv)
c:/devkitpro/devkitarm/bin/../lib/gcc/arm-eabi/4.4.2/../../../../arm-eabi/lib/thumb\libg.a(lib_a-errno.o)
                              c:/devkitpro/devkitarm/bin/../lib/gcc/arm-eabi/4.4.2/../../../../arm-eabi/lib/thumb\libsysbase.a(times.o) (__errno)
c:/devkitpro/devkitarm/bin/../lib/gcc/arm-eabi/4.4.2/../../../../arm-eabi/lib/thumb\libg.a(lib_a-impure.o)
                              c:/devkitpro/devkitarm/bin/../lib/gcc/arm-eabi/4.4.2/../../../../arm-eabi/lib/thumb\libg.a(lib_a-errno.o) (_impure_ptr)

Allocating common symbols
Common symbol       size              file

fifo_datamsg_data   0x40              c:/devkitPro/libnds/lib\libnds9.a(fifosystem.o)
fifo_buffer         0x800             c:/devkitPro/libnds/lib\libnds9.a(fifosystem.o)
fifo_value32_func   0x40              c:/devkitPro/libnds/lib\libnds9.a(fifosystem.o)
fifo_address_func   0x40              c:/devkitPro/libnds/lib\libnds9.a(fifosystem.o)
fifo_value32_data   0x40              c:/devkitPro/libnds/lib\libnds9.a(fifosystem.o)
theTime             0x4               c:/devkitPro/libnds/lib\libnds9.a(initSystem.o)
fifo_value32_queue  0x40              c:/devkitPro/libnds/lib\libnds9.a(fifosystem.o)
fifo_data_queue     0x40              c:/devkitPro/libnds/lib\libnds9.a(fifosystem.o)
punixTime           0x4               c:/devkitpro/devkitarm/bin/../lib/gcc/arm-eabi/4.4.2/../../../../arm-eabi/lib/thumb\libsysbase.a(times.o)
fifo_address_data   0x40              c:/devkitPro/libnds/lib\libnds9.a(fifosystem.o)
fifo_datamsg_func   0x40              c:/devkitPro/libnds/lib\libnds9.a(fifosystem.o)
fifo_address_queue  0x40              c:/devkitPro/libnds/lib\libnds9.a(fifosystem.o)

Memory Configuration

Name             Origin             Length             Attributes
rom              0x08000000         0x02000000
ewram            0x02000000         0x003ff000
dtcm             0x0b000000         0x00004000
vectors          0x01000000         0x00000100
itcm             0x01000100         0x00007f00
*default*        0x00000000         0xffffffff

Linker script and memory map

                0x01000000                __vectors_start = 0x1000000
                0x01000100                __itcm_start = 0x1000100
                0x023ff000                __ewram_end = 0x23ff000
                0x023ff000                __eheap_end = 0x23ff000
                0x0b000000                __dtcm_start = 0xb000000
                0x0b004000                __dtcm_top = 0xb004000
                0x0b003ff8                __irq_flags = (__dtcm_top - 0x8)
                0x0b003ffc                __irq_vector = (__dtcm_top - 0x4)
                0x0b003f00                __sp_svc = (__dtcm_top - 0x100)
                0x0b003e00                __sp_irq = (__sp_svc - 0x100)
                0x0b003d00                __sp_usr = (__sp_irq - 0x100)

.init           0x02000000      0x21c
                0x02000000                __text_start = .
 *(.init)
 .init          0x02000000      0x210 c:/devkitpro/devkitarm/bin/../lib/gcc/arm-eabi/4.4.2/../../../../arm-eabi/lib/thumb/ds_arm9_crt0.o
                0x02000000                _start
 .init          0x02000210        0x4 c:/devkitpro/devkitarm/bin/../lib/gcc/arm-eabi/4.4.2/thumb/crti.o
                0x02000210                _init
 .init          0x02000214        0x8 c:/devkitpro/devkitarm/bin/../lib/gcc/arm-eabi/4.4.2/thumb/crtn.o
                0x0200021c                . = ALIGN (0x4)

.plt
 *(.plt)

.text           0x02000220     0x14d8
 *(EXCLUDE_FILE(*.itcm*) .text)
 .text          0x02000220        0x0 c:/devkitpro/devkitarm/bin/../lib/gcc/arm-eabi/4.4.2/../../../../arm-eabi/lib/thumb/ds_arm9_crt0.o
 .text          0x02000220        0x0 c:/devkitpro/devkitarm/bin/../lib/gcc/arm-eabi/4.4.2/thumb/crti.o
 .text          0x02000220       0x6c c:/devkitpro/devkitarm/bin/../lib/gcc/arm-eabi/4.4.2/thumb/crtbegin.o
 .text          0x0200028c       0xf4 c:/devkitPro/libnds/lib\libnds9.a(initSystem.o)
                0x0200028c                initSystem
 .text          0x02000380      0xcd0 c:/devkitPro/libnds/lib\libnds9.a(fifosystem.o)
                0x02000514                fifoSendAddress
                0x0200054c                fifoSendValue32
                0x02000594                fifoGetAddress
                0x02000604                fifoSetAddressHandler
                0x02000678                fifoGetValue32
                0x020006e8                fifoSetValue32Handler
                0x0200075c                fifoCheckAddress
                0x02000780                fifoCheckDatamsg
                0x020007a4                fifoCheckValue32
                0x0200086c                fifoInit
                0x02000a2c                fifoGetDatamsg
                0x02000f38                fifoSetDatamsgHandler
                0x02000fe0                fifoSendDatamsg
 .text          0x02001050      0x1d8 c:/devkitPro/libnds/lib\libnds9.a(interrupts.o)
                0x02001050                irqDummy
                0x02001054                irqSet
                0x020010c0                irqInit
                0x0200110c                irqInitHandler
                0x0200113c                irqEnable
                0x0200119c                irqDisable
                0x020011fc                irqClear
 .text          0x02001228        0x4 c:/devkitPro/libnds/lib\libnds9.a(libnds_exit.o)
                0x02001228                __libnds_exit
 .text          0x0200122c      0x1d4 c:/devkitPro/libnds/lib\libnds9.a(mpu_setup.o)
                0x0200122c                __libnds_mpu_setup
                0x0200138c                memCached
                0x020013a4                memUncached
 .text          0x02001400       0x70 c:/devkitPro/libnds/lib\libnds9.a(biosCalls.o)
                0x02001400                swiSoftReset
                0x02001404                swiDelay
                0x02001408                swiIntrWait
                0x0200140c                swiWaitForVBlank
                0x02001410                swiSleep
                0x02001414                swiChangeSoundBias
                0x02001418                swiDivide
                0x0200141c                swiRemainder
                0x02001422                swiDivMod
                0x0200142e                swiCopy
                0x02001432                swiFastCopy
                0x02001436                swiSqrt
                0x0200143a                swiCRC16
                0x0200143e                swiIsDebugger
                0x02001442                swiUnpackBits
                0x02001446                swiDecompressLZSSWram
                0x0200144a                swiDecompressLZSSVram
                0x0200144e                swiDecompressHuffman
                0x02001452                swiDecompressRLEWram
                0x02001456                swiDecompressRLEVram
                0x0200145a                swiWaitForIRQ
                0x0200145e                swiDecodeDelta8
                0x02001462                swiDecodeDelta16
                0x02001466                swiSetHaltCR
 .text          0x02001470        0x0 c:/devkitPro/libnds/lib\libnds9.a(interruptDispatcher.o)
 .text          0x02001470       0xdc c:/devkitPro/libnds/lib\libnds9.a(system.o)
                0x02001470                ledBlink
                0x02001484                powerOff
                0x020014b0                powerOn
                0x020014e0                systemSleep
                0x020014f8                powerValueHandler
                0x02001508                systemMsgHandler
 .text          0x0200154c       0x84 c:/devkitpro/devkitarm/bin/../lib/gcc/arm-eabi/4.4.2/../../../../arm-eabi/lib/thumb\libg.a(lib_a-init.o)
                0x0200154c                __libc_fini_array
                0x0200157c                __libc_init_array
 .text          0x020015d0       0x80 c:/devkitpro/devkitarm/bin/../lib/gcc/arm-eabi/4.4.2/../../../../arm-eabi/lib/thumb\libg.a(lib_a-memcpy.o)
                0x020015d0                memcpy
 .text          0x02001650       0x48 c:/devkitpro/devkitarm/bin/../lib/gcc/arm-eabi/4.4.2/../../../../arm-eabi/lib/thumb\libsysbase.a(times.o)
                0x02001650                _times_r
                0x02001658                _gettimeofday_r
                0x02001684                _times
 .text          0x02001698        0x0 c:/devkitpro/devkitarm/bin/../lib/gcc/arm-eabi/4.4.2/../../../../arm-eabi/lib/thumb\libsysbase.a(malloc_vars.o)
 .text          0x02001698       0x54 c:/devkitpro/devkitarm/bin/../lib/gcc/arm-eabi/4.4.2/../../../../arm-eabi/lib/thumb\libsysbase.a(build_argv.o)
                0x02001698                build_argv
 .text          0x020016ec        0xc c:/devkitpro/devkitarm/bin/../lib/gcc/arm-eabi/4.4.2/../../../../arm-eabi/lib/thumb\libg.a(lib_a-errno.o)
                0x020016ec                __errno
 .text          0x020016f8        0x0 c:/devkitpro/devkitarm/bin/../lib/gcc/arm-eabi/4.4.2/../../../../arm-eabi/lib/thumb\libg.a(lib_a-impure.o)
 .text          0x020016f8        0x0 c:/devkitpro/devkitarm/bin/../lib/gcc/arm-eabi/4.4.2/thumb/crtend.o
 .text          0x020016f8        0x0 c:/devkitpro/devkitarm/bin/../lib/gcc/arm-eabi/4.4.2/thumb/crtn.o
 *(.text.*)
 *(.stub)
 *(.gnu.warning)
 *(.gnu.linkonce.t*)
 *(.glue_7)
 .glue_7        0x00000000        0x0 linker stubs
 *(.glue_7t)
 .glue_7t       0x00000000        0x0 linker stubs
                0x020016f8                . = ALIGN (0x4)

.vfp11_veneer   0x00000000        0x0 load address 0x020016f8
 .vfp11_veneer  0x00000000        0x0 linker stubs

.v4_bx          0x00000000        0x0 load address 0x020016f8
 .v4_bx         0x00000000        0x0 linker stubs

.fini           0x020016f8        0xc
 *(.fini)
 .fini          0x020016f8        0x4 c:/devkitpro/devkitarm/bin/../lib/gcc/arm-eabi/4.4.2/thumb/crti.o
                0x020016f8                _fini
 .fini          0x020016fc        0x8 c:/devkitpro/devkitarm/bin/../lib/gcc/arm-eabi/4.4.2/thumb/crtn.o
                0x02001704                __text_end = .

.rodata         0x02001704        0x8
 *(.rodata)
 .rodata        0x02001704        0x4 c:/devkitpro/devkitarm/bin/../lib/gcc/arm-eabi/4.4.2/../../../../arm-eabi/lib/thumb\libg.a(lib_a-impure.o)
                0x02001704                _global_impure_ptr
 *all.rodata*(*)
 *(.roda)
 *(.rodata.*)
 .rodata.str1.4
                0x02001708        0x4 c:/devkitpro/devkitarm/bin/../lib/gcc/arm-eabi/4.4.2/../../../../arm-eabi/lib/thumb\libg.a(lib_a-impure.o)
 *(.gnu.linkonce.r*)
                0x0200170c                . = ALIGN (0x4)

.ARM.extab
 *(.ARM.extab* .gnu.linkonce.armextab.*)
                0x0200170c                __exidx_start = .

.ARM.exidx
 *(.ARM.exidx* .gnu.linkonce.armexidx.*)
                0x0200170c                __exidx_end = .
                0x0200170c                . = ALIGN (0x4)
                0x0200170c                PROVIDE (__preinit_array_start, .)

.preinit_array
 *(.preinit_array)
                0x0200170c                PROVIDE (__preinit_array_end, .)
                0x0200170c                PROVIDE (__init_array_start, .)

.init_array     0x0200170c        0x4
 *(.init_array)
 .init_array    0x0200170c        0x4 c:/devkitpro/devkitarm/bin/../lib/gcc/arm-eabi/4.4.2/thumb/crtbegin.o
                0x02001710                PROVIDE (__init_array_end, .)
                0x02001710                PROVIDE (__fini_array_start, .)

.fini_array     0x02001710        0x4
 *(.fini_array)
 .fini_array    0x02001710        0x4 c:/devkitpro/devkitarm/bin/../lib/gcc/arm-eabi/4.4.2/thumb/crtbegin.o
                0x02001714                PROVIDE (__fini_array_end, .)

.ctors          0x02001714        0x0
 *crtbegin.o(.ctors)
 *(EXCLUDE_FILE(*crtend.o) .ctors)
 *(SORT(.ctors.*))
 *(.ctors)
                0x02001714                . = ALIGN (0x4)

.dtors          0x02001714        0x0
 *crtbegin.o(.dtors)
 *(EXCLUDE_FILE(*crtend.o) .dtors)
 *(SORT(.dtors.*))
 *(.dtors)
                0x02001714                . = ALIGN (0x4)

.eh_frame       0x02001714        0x4
 *(.eh_frame)
 .eh_frame      0x02001714        0x0 c:/devkitpro/devkitarm/bin/../lib/gcc/arm-eabi/4.4.2/thumb/crtbegin.o
 .eh_frame      0x02001714        0x4 c:/devkitpro/devkitarm/bin/../lib/gcc/arm-eabi/4.4.2/thumb/crtend.o
                0x02001718                . = ALIGN (0x4)

.gcc_except_table
                0x02001718        0x0
 *(.gcc_except_table)
                0x02001718                . = ALIGN (0x4)

.jcr            0x02001718        0x4
 *(.jcr)
 .jcr           0x02001718        0x0 c:/devkitpro/devkitarm/bin/../lib/gcc/arm-eabi/4.4.2/thumb/crtbegin.o
 .jcr           0x02001718        0x4 c:/devkitpro/devkitarm/bin/../lib/gcc/arm-eabi/4.4.2/thumb/crtend.o

.got
 *(.got.plt)
 *(.got)
 *(.rel.got)

.ewram          0x0200171c        0x0
                0x0200171c                __ewram_start = ABSOLUTE (.)
 *(.ewram)
 *ewram.*(.text)
                0x0200171c                . = ALIGN (0x4)

.data           0x0200171c      0x444
                0x0200171c                __data_start = ABSOLUTE (.)
 *(.data)
 .data          0x0200171c        0x0 c:/devkitpro/devkitarm/bin/../lib/gcc/arm-eabi/4.4.2/../../../../arm-eabi/lib/thumb/ds_arm9_crt0.o
 .data          0x0200171c        0x0 c:/devkitpro/devkitarm/bin/../lib/gcc/arm-eabi/4.4.2/thumb/crti.o
 .data          0x0200171c        0x4 c:/devkitpro/devkitarm/bin/../lib/gcc/arm-eabi/4.4.2/thumb/crtbegin.o
                0x0200171c                __dso_handle
 .data          0x02001720        0x0 c:/devkitPro/libnds/lib\libnds9.a(initSystem.o)
 .data          0x02001720       0x10 c:/devkitPro/libnds/lib\libnds9.a(fifosystem.o)
                0x02001720                fifo_freewords
                0x02001724                fifo_send_queue
                0x02001728                fifo_buffer_free
                0x0200172c                fifo_receive_queue
 .data          0x02001730        0x0 c:/devkitPro/libnds/lib\libnds9.a(interrupts.o)
 .data          0x02001730        0x0 c:/devkitPro/libnds/lib\libnds9.a(libnds_exit.o)
 .data          0x02001730        0x0 c:/devkitPro/libnds/lib\libnds9.a(mpu_setup.o)
 .data          0x02001730        0x0 c:/devkitPro/libnds/lib\libnds9.a(biosCalls.o)
 .data          0x02001730        0x0 c:/devkitPro/libnds/lib\libnds9.a(interruptDispatcher.o)
 .data          0x02001730        0x0 c:/devkitPro/libnds/lib\libnds9.a(system.o)
 .data          0x02001730        0x0 c:/devkitpro/devkitarm/bin/../lib/gcc/arm-eabi/4.4.2/../../../../arm-eabi/lib/thumb\libg.a(lib_a-init.o)
 .data          0x02001730        0x0 c:/devkitpro/devkitarm/bin/../lib/gcc/arm-eabi/4.4.2/../../../../arm-eabi/lib/thumb\libg.a(lib_a-memcpy.o)
 .data          0x02001730        0x0 c:/devkitpro/devkitarm/bin/../lib/gcc/arm-eabi/4.4.2/../../../../arm-eabi/lib/thumb\libsysbase.a(times.o)
 .data          0x02001730        0x0 c:/devkitpro/devkitarm/bin/../lib/gcc/arm-eabi/4.4.2/../../../../arm-eabi/lib/thumb\libsysbase.a(malloc_vars.o)
 .data          0x02001730        0x0 c:/devkitpro/devkitarm/bin/../lib/gcc/arm-eabi/4.4.2/../../../../arm-eabi/lib/thumb\libsysbase.a(build_argv.o)
 .data          0x02001730        0x0 c:/devkitpro/devkitarm/bin/../lib/gcc/arm-eabi/4.4.2/../../../../arm-eabi/lib/thumb\libg.a(lib_a-errno.o)
 .data          0x02001730      0x430 c:/devkitpro/devkitarm/bin/../lib/gcc/arm-eabi/4.4.2/../../../../arm-eabi/lib/thumb\libg.a(lib_a-impure.o)
                0x02001730                _impure_ptr
 .data          0x02001b60        0x0 c:/devkitpro/devkitarm/bin/../lib/gcc/arm-eabi/4.4.2/thumb/crtend.o
 .data          0x02001b60        0x0 c:/devkitpro/devkitarm/bin/../lib/gcc/arm-eabi/4.4.2/thumb/crtn.o
 *(.data.*)
 *(.gnu.linkonce.d*)
                0x02001b60                . = ALIGN (0x4)
                0x02001b60                __data_end = ABSOLUTE (.)
                0x02001b60                __dtcm_lma = .
                0x02001b60                __bss_vma = .

.dtcm           0x0b000000        0x0 load address 0x02001b60
 *(.dtcm)
 *(.dtcm.*)
                0x0b000000                . = ALIGN (0x4)
                0x0b000000                __dtcm_end = ABSOLUTE (.)
                0x02001b60                __itcm_lma = (__dtcm_lma + SIZEOF (.dtcm))

.itcm           0x01000100      0x190 load address 0x02001b60
 *(.itcm)
 .itcm          0x01000100       0xc8 c:/devkitPro/libnds/lib\libnds9.a(interrupts.o)
                0x01000100                irqTable
 .itcm          0x010001c8       0xc8 c:/devkitPro/libnds/lib\libnds9.a(interruptDispatcher.o)
                0x010001c8                IntrMain
 *itcm.*(.text)
                0x01000290                . = ALIGN (0x4)
                0x01000290                __itcm_end = ABSOLUTE (.)
                0x02001cf0                __vectors_lma = (__itcm_lma + SIZEOF (.itcm))

.vectors        0x01000000        0x0 load address 0x02001cf0
 *(.vectors)
 *vectors.*(.text)
                0x01000000                . = ALIGN (0x4)
                0x01000000                __vectors_end = ABSOLUTE (.)

.sbss           0x0b000000        0x0
                0x0b000000                __sbss_start = ABSOLUTE (.)
                0x0b000000                __sbss_start__ = ABSOLUTE (.)
 *(.sbss)
                0x0b000000                . = ALIGN (0x4)
                0x0b000000                __sbss_end = ABSOLUTE (.)

.bss            0x02001b60      0xa74
                0x02001b60                __bss_start = ABSOLUTE (.)
                0x02001b60                __bss_start__ = ABSOLUTE (.)
 *(.dynbss)
 *(.gnu.linkonce.b*)
 *(.bss*)
 .bss           0x02001b60        0x0 c:/devkitpro/devkitarm/bin/../lib/gcc/arm-eabi/4.4.2/../../../../arm-eabi/lib/thumb/ds_arm9_crt0.o
 .bss           0x02001b60        0x0 c:/devkitpro/devkitarm/bin/../lib/gcc/arm-eabi/4.4.2/thumb/crti.o
 .bss           0x02001b60       0x1c c:/devkitpro/devkitarm/bin/../lib/gcc/arm-eabi/4.4.2/thumb/crtbegin.o
 .bss           0x02001b7c        0x0 c:/devkitPro/libnds/lib\libnds9.a(initSystem.o)
 .bss           0x02001b7c        0x8 c:/devkitPro/libnds/lib\libnds9.a(fifosystem.o)
                0x02001b80                processing
 .bss           0x02001b84        0x0 c:/devkitPro/libnds/lib\libnds9.a(interrupts.o)
 .bss           0x02001b84        0x0 c:/devkitPro/libnds/lib\libnds9.a(libnds_exit.o)
 .bss           0x02001b84        0x0 c:/devkitPro/libnds/lib\libnds9.a(mpu_setup.o)
 .bss           0x02001b84        0x0 c:/devkitPro/libnds/lib\libnds9.a(biosCalls.o)
 .bss           0x02001b84        0x0 c:/devkitPro/libnds/lib\libnds9.a(interruptDispatcher.o)
 .bss           0x02001b84        0x0 c:/devkitPro/libnds/lib\libnds9.a(system.o)
 .bss           0x02001b84        0x0 c:/devkitpro/devkitarm/bin/../lib/gcc/arm-eabi/4.4.2/../../../../arm-eabi/lib/thumb\libg.a(lib_a-init.o)
 .bss           0x02001b84        0x0 c:/devkitpro/devkitarm/bin/../lib/gcc/arm-eabi/4.4.2/../../../../arm-eabi/lib/thumb\libg.a(lib_a-memcpy.o)
 .bss           0x02001b84        0x0 c:/devkitpro/devkitarm/bin/../lib/gcc/arm-eabi/4.4.2/../../../../arm-eabi/lib/thumb\libsysbase.a(times.o)
 .bss           0x02001b84        0x8 c:/devkitpro/devkitarm/bin/../lib/gcc/arm-eabi/4.4.2/../../../../arm-eabi/lib/thumb\libsysbase.a(malloc_vars.o)
                0x02001b84                fake_heap_end
                0x02001b88                fake_heap_start
 .bss           0x02001b8c        0x0 c:/devkitpro/devkitarm/bin/../lib/gcc/arm-eabi/4.4.2/../../../../arm-eabi/lib/thumb\libsysbase.a(build_argv.o)
 .bss           0x02001b8c        0x0 c:/devkitpro/devkitarm/bin/../lib/gcc/arm-eabi/4.4.2/../../../../arm-eabi/lib/thumb\libg.a(lib_a-errno.o)
 .bss           0x02001b8c        0x0 c:/devkitpro/devkitarm/bin/../lib/gcc/arm-eabi/4.4.2/../../../../arm-eabi/lib/thumb\libg.a(lib_a-impure.o)
 .bss           0x02001b8c        0x0 c:/devkitpro/devkitarm/bin/../lib/gcc/arm-eabi/4.4.2/thumb/crtend.o
 .bss           0x02001b8c        0x0 c:/devkitpro/devkitarm/bin/../lib/gcc/arm-eabi/4.4.2/thumb/crtn.o
 *(COMMON)
 COMMON         0x02001b8c        0x4 c:/devkitPro/libnds/lib\libnds9.a(initSystem.o)
                0x02001b8c                theTime
 COMMON         0x02001b90      0xa40 c:/devkitPro/libnds/lib\libnds9.a(fifosystem.o)
                0x02001b90                fifo_datamsg_data
                0x02001bd0                fifo_buffer
                0x020023d0                fifo_value32_func
                0x02002410                fifo_address_func
                0x02002450                fifo_value32_data
                0x02002490                fifo_value32_queue
                0x020024d0                fifo_data_queue
                0x02002510                fifo_address_data
                0x02002550                fifo_datamsg_func
                0x02002590                fifo_address_queue
 COMMON         0x020025d0        0x4 c:/devkitpro/devkitarm/bin/../lib/gcc/arm-eabi/4.4.2/../../../../arm-eabi/lib/thumb\libsysbase.a(times.o)
                0x020025d0                punixTime
                0x020025d4                . = ALIGN (0x4)
                0x020025d4                __bss_end = ABSOLUTE (.)
                0x020025d4                __bss_end__ = __bss_end
                0x020025d4                _end = __bss_end__
                0x020025d4                __end__ = __bss_end__

.stab
 *(.stab)

.stabstr
 *(.stabstr)

.stab.excl
 *(.stab.excl)

.stab.exclstr
 *(.stab.exclstr)

.stab.index
 *(.stab.index)

.stab.indexstr
 *(.stab.indexstr)

.ARM.attributes
                0x00000000       0x2d load address 0x02001b60
 .ARM.attributes
                0x00000000       0x21 c:/devkitpro/devkitarm/bin/../lib/gcc/arm-eabi/4.4.2/../../../../arm-eabi/lib/thumb/ds_arm9_crt0.o
 .ARM.attributes
                0x00000021       0x20 c:/devkitpro/devkitarm/bin/../lib/gcc/arm-eabi/4.4.2/thumb/crti.o
 .ARM.attributes
                0x00000041       0x30 c:/devkitpro/devkitarm/bin/../lib/gcc/arm-eabi/4.4.2/thumb/crtbegin.o
 .ARM.attributes
                0x00000071       0x27 c:/devkitPro/libnds/lib\libnds9.a(initSystem.o)
 .ARM.attributes
                0x00000098       0x27 c:/devkitPro/libnds/lib\libnds9.a(fifosystem.o)
 .ARM.attributes
                0x000000bf       0x27 c:/devkitPro/libnds/lib\libnds9.a(interrupts.o)
 .ARM.attributes
                0x000000e6       0x27 c:/devkitPro/libnds/lib\libnds9.a(libnds_exit.o)
 .ARM.attributes
                0x0000010d       0x21 c:/devkitPro/libnds/lib\libnds9.a(mpu_setup.o)
 .ARM.attributes
                0x0000012e       0x1b c:/devkitPro/libnds/lib\libnds9.a(biosCalls.o)
 .ARM.attributes
                0x00000149       0x1b c:/devkitPro/libnds/lib\libnds9.a(interruptDispatcher.o)
 .ARM.attributes
                0x00000164       0x27 c:/devkitPro/libnds/lib\libnds9.a(system.o)
 .ARM.attributes
                0x0000018b       0x30 c:/devkitpro/devkitarm/bin/../lib/gcc/arm-eabi/4.4.2/../../../../arm-eabi/lib/thumb\libg.a(lib_a-init.o)
 .ARM.attributes
                0x000001bb       0x30 c:/devkitpro/devkitarm/bin/../lib/gcc/arm-eabi/4.4.2/../../../../arm-eabi/lib/thumb\libg.a(lib_a-memcpy.o)
 .ARM.attributes
                0x000001eb       0x30 c:/devkitpro/devkitarm/bin/../lib/gcc/arm-eabi/4.4.2/../../../../arm-eabi/lib/thumb\libsysbase.a(times.o)
 .ARM.attributes
                0x0000021b       0x30 c:/devkitpro/devkitarm/bin/../lib/gcc/arm-eabi/4.4.2/../../../../arm-eabi/lib/thumb\libsysbase.a(malloc_vars.o)
 .ARM.attributes
                0x0000024b       0x30 c:/devkitpro/devkitarm/bin/../lib/gcc/arm-eabi/4.4.2/../../../../arm-eabi/lib/thumb\libsysbase.a(build_argv.o)
 .ARM.attributes
                0x0000027b       0x30 c:/devkitpro/devkitarm/bin/../lib/gcc/arm-eabi/4.4.2/../../../../arm-eabi/lib/thumb\libg.a(lib_a-errno.o)
 .ARM.attributes
                0x000002ab       0x30 c:/devkitpro/devkitarm/bin/../lib/gcc/arm-eabi/4.4.2/../../../../arm-eabi/lib/thumb\libg.a(lib_a-impure.o)
 .ARM.attributes
                0x000002db       0x30 c:/devkitpro/devkitarm/bin/../lib/gcc/arm-eabi/4.4.2/thumb/crtend.o
 .ARM.attributes
                0x0000030b       0x20 c:/devkitpro/devkitarm/bin/../lib/gcc/arm-eabi/4.4.2/thumb/crtn.o

.comment        0x00000000       0x22 load address 0x02001b60
 *(.comment)
 .comment       0x00000000       0x22 c:/devkitpro/devkitarm/bin/../lib/gcc/arm-eabi/4.4.2/thumb/crtbegin.o
                                 0x23 (size before relaxing)
 .comment       0x00000000       0x23 c:/devkitPro/libnds/lib\libnds9.a(initSystem.o)
 .comment       0x00000000       0x23 c:/devkitPro/libnds/lib\libnds9.a(fifosystem.o)
 .comment       0x00000000       0x23 c:/devkitPro/libnds/lib\libnds9.a(interrupts.o)
 .comment       0x00000000       0x23 c:/devkitPro/libnds/lib\libnds9.a(libnds_exit.o)
 .comment       0x00000000       0x23 c:/devkitPro/libnds/lib\libnds9.a(system.o)
 .comment       0x00000000       0x23 c:/devkitpro/devkitarm/bin/../lib/gcc/arm-eabi/4.4.2/../../../../arm-eabi/lib/thumb\libg.a(lib_a-init.o)
 .comment       0x00000000       0x23 c:/devkitpro/devkitarm/bin/../lib/gcc/arm-eabi/4.4.2/../../../../arm-eabi/lib/thumb\libg.a(lib_a-memcpy.o)
 .comment       0x00000000       0x23 c:/devkitpro/devkitarm/bin/../lib/gcc/arm-eabi/4.4.2/../../../../arm-eabi/lib/thumb\libsysbase.a(times.o)
 .comment       0x00000000       0x23 c:/devkitpro/devkitarm/bin/../lib/gcc/arm-eabi/4.4.2/../../../../arm-eabi/lib/thumb\libsysbase.a(malloc_vars.o)
 .comment       0x00000000       0x23 c:/devkitpro/devkitarm/bin/../lib/gcc/arm-eabi/4.4.2/../../../../arm-eabi/lib/thumb\libsysbase.a(build_argv.o)
 .comment       0x00000000       0x23 c:/devkitpro/devkitarm/bin/../lib/gcc/arm-eabi/4.4.2/../../../../arm-eabi/lib/thumb\libg.a(lib_a-errno.o)
 .comment       0x00000000       0x23 c:/devkitpro/devkitarm/bin/../lib/gcc/arm-eabi/4.4.2/../../../../arm-eabi/lib/thumb\libg.a(lib_a-impure.o)
 .comment       0x00000000       0x23 c:/devkitpro/devkitarm/bin/../lib/gcc/arm-eabi/4.4.2/thumb/crtend.o

.debug
 *(.debug)

.line
 *(.line)

.debug_srcinfo
 *(.debug_srcinfo)

.debug_sfnames
 *(.debug_sfnames)

.debug_aranges  0x00000000      0x100 load address 0x02001b60
 *(.debug_aranges)
 .debug_aranges
                0x00000000       0x20 c:/devkitPro/libnds/lib\libnds9.a(initSystem.o)
 .debug_aranges
                0x00000020       0x20 c:/devkitPro/libnds/lib\libnds9.a(fifosystem.o)
 .debug_aranges
                0x00000040       0x20 c:/devkitPro/libnds/lib\libnds9.a(interrupts.o)
 .debug_aranges
                0x00000060       0x20 c:/devkitPro/libnds/lib\libnds9.a(libnds_exit.o)
 .debug_aranges
                0x00000080       0x20 c:/devkitPro/libnds/lib\libnds9.a(mpu_setup.o)
 .debug_aranges
                0x000000a0       0x20 c:/devkitPro/libnds/lib\libnds9.a(biosCalls.o)
 .debug_aranges
                0x000000c0       0x20 c:/devkitPro/libnds/lib\libnds9.a(interruptDispatcher.o)
 .debug_aranges
                0x000000e0       0x20 c:/devkitPro/libnds/lib\libnds9.a(system.o)

.debug_pubnames
                0x00000000      0x39d load address 0x02001b60
 *(.debug_pubnames)
 .debug_pubnames
                0x00000000       0x2d c:/devkitPro/libnds/lib\libnds9.a(initSystem.o)
 .debug_pubnames
                0x0000002d      0x259 c:/devkitPro/libnds/lib\libnds9.a(fifosystem.o)
 .debug_pubnames
                0x00000286       0x80 c:/devkitPro/libnds/lib\libnds9.a(interrupts.o)
 .debug_pubnames
                0x00000306       0x24 c:/devkitPro/libnds/lib\libnds9.a(libnds_exit.o)
 .debug_pubnames
                0x0000032a       0x73 c:/devkitPro/libnds/lib\libnds9.a(system.o)

.debug_info     0x00000000     0x1f4d load address 0x02001b60
 *(.debug_info)
 .debug_info    0x00000000      0x416 c:/devkitPro/libnds/lib\libnds9.a(initSystem.o)
 .debug_info    0x00000416      0xf89 c:/devkitPro/libnds/lib\libnds9.a(fifosystem.o)
 .debug_info    0x0000139f      0x340 c:/devkitPro/libnds/lib\libnds9.a(interrupts.o)
 .debug_info    0x000016df       0x4f c:/devkitPro/libnds/lib\libnds9.a(libnds_exit.o)
 .debug_info    0x0000172e       0xc8 c:/devkitPro/libnds/lib\libnds9.a(mpu_setup.o)
 .debug_info    0x000017f6       0xc3 c:/devkitPro/libnds/lib\libnds9.a(biosCalls.o)
 .debug_info    0x000018b9       0xcd c:/devkitPro/libnds/lib\libnds9.a(interruptDispatcher.o)
 .debug_info    0x00001986      0x5c7 c:/devkitPro/libnds/lib\libnds9.a(system.o)

.debug_abbrev   0x00000000      0x7ec load address 0x02001b60
 *(.debug_abbrev)
 .debug_abbrev  0x00000000      0x15f c:/devkitPro/libnds/lib\libnds9.a(initSystem.o)
 .debug_abbrev  0x0000015f      0x322 c:/devkitPro/libnds/lib\libnds9.a(fifosystem.o)
 .debug_abbrev  0x00000481      0x170 c:/devkitPro/libnds/lib\libnds9.a(interrupts.o)
 .debug_abbrev  0x000005f1       0x43 c:/devkitPro/libnds/lib\libnds9.a(libnds_exit.o)
 .debug_abbrev  0x00000634       0x14 c:/devkitPro/libnds/lib\libnds9.a(mpu_setup.o)
 .debug_abbrev  0x00000648       0x14 c:/devkitPro/libnds/lib\libnds9.a(biosCalls.o)
 .debug_abbrev  0x0000065c       0x14 c:/devkitPro/libnds/lib\libnds9.a(interruptDispatcher.o)
 .debug_abbrev  0x00000670      0x17c c:/devkitPro/libnds/lib\libnds9.a(system.o)

.debug_line     0x00000000      0xfbb load address 0x02001b60
 *(.debug_line)
 .debug_line    0x00000000      0x2d8 c:/devkitPro/libnds/lib\libnds9.a(initSystem.o)
 .debug_line    0x000002d8      0x5db c:/devkitPro/libnds/lib\libnds9.a(fifosystem.o)
 .debug_line    0x000008b3      0x1b5 c:/devkitPro/libnds/lib\libnds9.a(interrupts.o)
 .debug_line    0x00000a68       0x88 c:/devkitPro/libnds/lib\libnds9.a(libnds_exit.o)
 .debug_line    0x00000af0       0xeb c:/devkitPro/libnds/lib\libnds9.a(mpu_setup.o)
 .debug_line    0x00000bdb       0xc3 c:/devkitPro/libnds/lib\libnds9.a(biosCalls.o)
 .debug_line    0x00000c9e       0xc1 c:/devkitPro/libnds/lib\libnds9.a(interruptDispatcher.o)
 .debug_line    0x00000d5f      0x25c c:/devkitPro/libnds/lib\libnds9.a(system.o)

.debug_frame    0x00000000      0x48c load address 0x02001b60
 *(.debug_frame)
 .debug_frame   0x00000000       0x30 c:/devkitPro/libnds/lib\libnds9.a(initSystem.o)
 .debug_frame   0x00000030      0x2bc c:/devkitPro/libnds/lib\libnds9.a(fifosystem.o)
 .debug_frame   0x000002ec       0xc0 c:/devkitPro/libnds/lib\libnds9.a(interrupts.o)
 .debug_frame   0x000003ac       0x28 c:/devkitPro/libnds/lib\libnds9.a(libnds_exit.o)
 .debug_frame   0x000003d4       0xb8 c:/devkitPro/libnds/lib\libnds9.a(system.o)

.debug_str      0x00000000      0xd7e load address 0x02001b60
 *(.debug_str)
 .debug_str     0x00000000      0x43d c:/devkitPro/libnds/lib\libnds9.a(initSystem.o)
                                0x48a (size before relaxing)
 .debug_str     0x0000043d      0x55a c:/devkitPro/libnds/lib\libnds9.a(fifosystem.o)
                                0x728 (size before relaxing)
 .debug_str     0x00000997      0x13d c:/devkitPro/libnds/lib\libnds9.a(interrupts.o)
                                0x325 (size before relaxing)
 .debug_str     0x00000ad4       0x69 c:/devkitPro/libnds/lib\libnds9.a(libnds_exit.o)
                                 0x75 (size before relaxing)
 .debug_str     0x00000b3d      0x241 c:/devkitPro/libnds/lib\libnds9.a(system.o)
                                0x444 (size before relaxing)

.debug_loc      0x00000000      0xf24 load address 0x02001b60
 *(.debug_loc)
 .debug_loc     0x00000000       0x32 c:/devkitPro/libnds/lib\libnds9.a(initSystem.o)
 .debug_loc     0x00000032      0xc17 c:/devkitPro/libnds/lib\libnds9.a(fifosystem.o)
 .debug_loc     0x00000c49      0x145 c:/devkitPro/libnds/lib\libnds9.a(interrupts.o)
 .debug_loc     0x00000d8e       0x1f c:/devkitPro/libnds/lib\libnds9.a(libnds_exit.o)
 .debug_loc     0x00000dad      0x177 c:/devkitPro/libnds/lib\libnds9.a(system.o)

.debug_macinfo
 *(.debug_macinfo)

.debug_weaknames
 *(.debug_weaknames)

.debug_funcnames
 *(.debug_funcnames)

.debug_typenames
 *(.debug_typenames)

.debug_varnames
 *(.debug_varnames)

.stack          0x00080000        0x0 load address 0x02001b60
                0x00080000                _stack = .
 *(.stack)
LOAD c:/devkitpro/devkitarm/bin/../lib/gcc/arm-eabi/4.4.2/../../../../arm-eabi/lib/thumb/ds_arm9_crt0.o
LOAD c:/devkitpro/devkitarm/bin/../lib/gcc/arm-eabi/4.4.2/thumb/crti.o
LOAD c:/devkitpro/devkitarm/bin/../lib/gcc/arm-eabi/4.4.2/thumb/crtbegin.o
LOAD c:/devkitPro/libnds/lib\libnds9.a
START GROUP
LOAD c:/devkitpro/devkitarm/bin/../lib/gcc/arm-eabi/4.4.2/thumb\libgcc.a
LOAD c:/devkitpro/devkitarm/bin/../lib/gcc/arm-eabi/4.4.2/../../../../arm-eabi/lib/thumb\libg.a
LOAD c:/devkitpro/devkitarm/bin/../lib/gcc/arm-eabi/4.4.2/../../../../arm-eabi/lib/thumb\libc.a
LOAD c:/devkitpro/devkitarm/bin/../lib/gcc/arm-eabi/4.4.2/../../../../arm-eabi/lib/thumb\libsysbase.a
END GROUP
LOAD c:/devkitpro/devkitarm/bin/../lib/gcc/arm-eabi/4.4.2/thumb/crtend.o
LOAD c:/devkitpro/devkitarm/bin/../lib/gcc/arm-eabi/4.4.2/thumb/crtn.o
OUTPUT(c:/code/zoidbergengine/bin/zoidbergengine.elf elf32-littlearm)

.debug_ranges   0x00000000      0x418 load address 0x02001b60
 .debug_ranges  0x00000000      0x418 c:/devkitPro/libnds/lib\libnds9.a(fifosystem.o)
